>>> matrix_divided = __import__('2-matrix_divided').matrix_divided
>>> matrix_divided([[]])
Traceback (most recent call last):
    ...
TypeError: matrix_divided() missing 1 required positional argument: 'div'
>>> matrix_divided([[3]])
Traceback (most recent call last):
    ...
TypeError: matrix_divided() missing 1 required positional argument: 'div'
>>> matrix_divided([[3, 2, 5], [4, 8, 6], [4, 5, 3]], 2)
[[1.5, 1.0, 2.5], [2.0, 4.0, 3.0], [2.0, 2.5, 1.5]]
>>> matrix_divided([[3, 2, 5], [4, 8, 6], [4, 5, 3]], 2.5)
[[1.2, 0.8, 2.0], [1.6, 3.2, 2.4], [1.6, 2.0, 1.2]]
>>> matrix_divided([[3, 2, 5], [4, 8, 6], [4, 5, 3]], "word")
Traceback (most recent call last):
    ...
TypeError: div must be a number
>>> matrix_divided([[3, 2, 5], [4, 8, 6], [4, 5, 3]], 218e309)
[[0.0, 0.0, 0.0], [0.0, 0.0, 0.0], [0.0, 0.0, 0.0]]
>>> matrix_divided([[3, 2, 5], [4, 8, 6], [4, 5, 3]], 5, 6)
Traceback (most recent call last):
    ...
TypeError: matrix_divided() takes 2 positional arguments but 3 were given
>>> matrix_divided([[3, 2, 5], [4, 8, 6], [4, 5, 3]], -5)
[[-0.6, -0.4, -1.0], [-0.8, -1.6, -1.2], [-0.8, -1.0, -0.6]]
>>> matrix_divided([[3, 2, 5], [4, 8, 6], [4, 5, 3]], 0)
Traceback (most recent call last):
    ...
ZeroDivisionError: division by zero
Traceback (most recent call last):
    ...
TypeError: Each row of the matrix must have the same size
>>> matrix_divided([[125e308], [4], [4]], 5)
[[inf], [0.8], [0.8]]
>>> matrix_divided([[-125e308], [4], [4]], 5)
[[-inf], [0.8], [0.8]]